/home/paul/xperia/build/hikari-maintenance-20261004/arch/arm/boot/dts/qcom/qcom-msm8260-sony-hikari.dtb: pinctrl@800000 (qcom,msm8660-pinctrl): touch-irq-state: 'oneOf' conditional failed, one must be fixed:
	False schema does not allow True
	'bias-disable', 'function', 'input-enable', 'pins' do not match any of the regexes: '-pins$', '^pinctrl-[0-9]+$'
	from schema $id: http://devicetree.org/schemas/pinctrl/qcom,msm8660-pinctrl.yaml
/home/paul/xperia/build/hikari-maintenance-20261004/arch/arm/boot/dts/qcom/qcom-msm8260-sony-hikari.dtb: pinctrl@800000 (qcom,msm8660-pinctrl): mpu3050-irq-state: 'oneOf' conditional failed, one must be fixed:
	False schema does not allow True
	'bias-disable', 'function', 'input-enable', 'pins' do not match any of the regexes: '-pins$', '^pinctrl-[0-9]+$'
	from schema $id: http://devicetree.org/schemas/pinctrl/qcom,msm8660-pinctrl.yaml
/home/paul/xperia/build/hikari-maintenance-20261004/arch/arm/boot/dts/qcom/qcom-msm8260-sony-hikari.dtb: pinctrl@800000 (qcom,msm8660-pinctrl): akm8972-irq-state: 'oneOf' conditional failed, one must be fixed:
	False schema does not allow True
	'bias-disable', 'function', 'input-enable', 'pins' do not match any of the regexes: '-pins$', '^pinctrl-[0-9]+$'
	from schema $id: http://devicetree.org/schemas/pinctrl/qcom,msm8660-pinctrl.yaml
/home/paul/xperia/build/hikari-maintenance-20261004/arch/arm/boot/dts/qcom/qcom-msm8260-sony-hikari.dtb: pinctrl@800000 (qcom,msm8660-pinctrl): apds9702-irq-state: 'oneOf' conditional failed, one must be fixed:
	False schema does not allow True
	'bias-disable', 'function', 'input-enable', 'pins' do not match any of the regexes: '-pins$', '^pinctrl-[0-9]+$'
	from schema $id: http://devicetree.org/schemas/pinctrl/qcom,msm8660-pinctrl.yaml
/home/paul/xperia/build/hikari-maintenance-20261004/arch/arm/boot/dts/qcom/qcom-msm8260-sony-hikari.dtb: pinctrl@800000 (qcom,msm8660-pinctrl): bma250-irq-state: 'oneOf' conditional failed, one must be fixed:
	False schema does not allow True
	'bias-disable', 'function', 'input-enable', 'pins' do not match any of the regexes: '-pins$', '^pinctrl-[0-9]+$'
	from schema $id: http://devicetree.org/schemas/pinctrl/qcom,msm8660-pinctrl.yaml
/home/paul/xperia/build/hikari-maintenance-20261004/arch/arm/boot/dts/qcom/qcom-msm8260-sony-hikari.dtb: pinctrl@800000 (qcom,msm8660-pinctrl): volume-down-state: 'oneOf' conditional failed, one must be fixed:
	False schema does not allow True
	'bias-disable', 'function', 'input-enable', 'pins' do not match any of the regexes: '-pins$', '^pinctrl-[0-9]+$'
	from schema $id: http://devicetree.org/schemas/pinctrl/qcom,msm8660-pinctrl.yaml
/home/paul/xperia/build/hikari-maintenance-20261004/arch/arm/boot/dts/qcom/qcom-msm8260-sony-hikari.dtb: pinctrl@800000 (qcom,msm8660-pinctrl): sim-detect-state: 'oneOf' conditional failed, one must be fixed:
	False schema does not allow True
	'bias-disable', 'function', 'input-enable', 'pins' do not match any of the regexes: '-pins$', '^pinctrl-[0-9]+$'
	from schema $id: http://devicetree.org/schemas/pinctrl/qcom,msm8660-pinctrl.yaml
/home/paul/xperia/build/hikari-maintenance-20261004/arch/arm/boot/dts/qcom/qcom-msm8260-sony-hikari.dtb: pinctrl@800000 (qcom,msm8660-pinctrl): headset-detect-state: 'oneOf' conditional failed, one must be fixed:
	False schema does not allow True
	'bias-disable', 'function', 'input-enable', 'pins' do not match any of the regexes: '-pins$', '^pinctrl-[0-9]+$'
	from schema $id: http://devicetree.org/schemas/pinctrl/qcom,msm8660-pinctrl.yaml
/home/paul/xperia/build/hikari-maintenance-20261004/arch/arm/boot/dts/qcom/qcom-msm8260-sony-hikari.dtb: pinctrl@800000 (qcom,msm8660-pinctrl): wifi-hostwake-state: 'oneOf' conditional failed, one must be fixed:
	False schema does not allow True
	'bias-disable', 'function', 'input-enable', 'pins' do not match any of the regexes: '-pins$', '^pinctrl-[0-9]+$'
	from schema $id: http://devicetree.org/schemas/pinctrl/qcom,msm8660-pinctrl.yaml
/home/paul/xperia/build/hikari-maintenance-20261004/arch/arm/boot/dts/qcom/qcom-msm8260-sony-hikari.dtb: pinctrl@800000 (qcom,msm8660-pinctrl): bluetooth-host-wake-state: 'oneOf' conditional failed, one must be fixed:
	False schema does not allow True
	'bias-pull-down', 'drive-strength', 'function', 'input-enable', 'pins' do not match any of the regexes: '-pins$', '^pinctrl-[0-9]+$'
	from schema $id: http://devicetree.org/schemas/pinctrl/qcom,msm8660-pinctrl.yaml
/home/paul/xperia/build/hikari-maintenance-20261004/arch/arm/boot/dts/qcom/qcom-msm8260-sony-hikari.dtb: pinctrl@800000 (qcom,msm8660-pinctrl): cradle-detect-state: 'oneOf' conditional failed, one must be fixed:
	False schema does not allow True
	'bias-pull-up', 'drive-strength', 'function', 'input-enable', 'pins' do not match any of the regexes: '-pins$', '^pinctrl-[0-9]+$'
	from schema $id: http://devicetree.org/schemas/pinctrl/qcom,msm8660-pinctrl.yaml
/home/paul/xperia/build/hikari-maintenance-20261004/arch/arm/boot/dts/qcom/qcom-msm8260-sony-hikari.dtb: clock-controller@900000 (qcom,gcc-msm8660): Unevaluated properties are not allowed ('thermal-sensor' was unexpected)
	from schema $id: http://devicetree.org/schemas/clock/qcom,gcc-msm8660.yaml
