HIKARI_A220_CASE width=256 height=256 format=RGBA8 source_sha256=6778fa8d1a5b7748bf92f3861fe9b3d55b862634c83ae48ab7e9cdfcb8eb1494 shader=varying-constant topology=fullscreen-triangle pattern_style=coordinate reference_sha256=28a4959c9c5d4427bb8bf87d2510c448c5eff2ac2413ba8e19aa57f8d1764ec2
HIKARI_A220_RENDERER=FD220
HIKARI_A220_GL_VERSION=OpenGL ES 2.0 Mesa 26.3.0-devel (git-7bcaafa20c)
HIKARI_A220_SEQUENCE index=0 stage=S1c class=NEAR sha256=94c3ec985ff43c6c19517b2d8ed2f2c5f2cf0a6e73c663b63260b8cb79c27927 max_delta=1 pixels_gt1lsb=0
HIKARI_A220_SEQUENCE index=1 stage=S1c class=NEAR sha256=94c3ec985ff43c6c19517b2d8ed2f2c5f2cf0a6e73c663b63260b8cb79c27927 max_delta=1 pixels_gt1lsb=0
HIKARI_A220_SEQUENCE index=2 stage=S1c class=NEAR sha256=94c3ec985ff43c6c19517b2d8ed2f2c5f2cf0a6e73c663b63260b8cb79c27927 max_delta=1 pixels_gt1lsb=0
HIKARI_A220_SEQUENCE index=3 stage=S1c class=NEAR sha256=94c3ec985ff43c6c19517b2d8ed2f2c5f2cf0a6e73c663b63260b8cb79c27927 max_delta=1 pixels_gt1lsb=0
HIKARI_A220_SEQUENCE index=4 stage=S1c class=NEAR sha256=94c3ec985ff43c6c19517b2d8ed2f2c5f2cf0a6e73c663b63260b8cb79c27927 max_delta=1 pixels_gt1lsb=0
HIKARI_A220_SEQUENCE index=5 stage=S1c class=NEAR sha256=94c3ec985ff43c6c19517b2d8ed2f2c5f2cf0a6e73c663b63260b8cb79c27927 max_delta=1 pixels_gt1lsb=0
HIKARI_A220_SEQUENCE index=6 stage=S1c class=NEAR sha256=94c3ec985ff43c6c19517b2d8ed2f2c5f2cf0a6e73c663b63260b8cb79c27927 max_delta=1 pixels_gt1lsb=0
HIKARI_A220_SEQUENCE index=7 stage=S1c class=NEAR sha256=94c3ec985ff43c6c19517b2d8ed2f2c5f2cf0a6e73c663b63260b8cb79c27927 max_delta=1 pixels_gt1lsb=0
HIKARI_A220_SEQUENCE index=8 stage=S1c class=NEAR sha256=94c3ec985ff43c6c19517b2d8ed2f2c5f2cf0a6e73c663b63260b8cb79c27927 max_delta=1 pixels_gt1lsb=0
HIKARI_A220_SEQUENCE index=9 stage=S1c class=NEAR sha256=94c3ec985ff43c6c19517b2d8ed2f2c5f2cf0a6e73c663b63260b8cb79c27927 max_delta=1 pixels_gt1lsb=0
HIKARI_A220_SEQUENCE index=10 stage=S1c class=NEAR sha256=94c3ec985ff43c6c19517b2d8ed2f2c5f2cf0a6e73c663b63260b8cb79c27927 max_delta=1 pixels_gt1lsb=0
HIKARI_A220_SEQUENCE index=11 stage=S1c class=NEAR sha256=94c3ec985ff43c6c19517b2d8ed2f2c5f2cf0a6e73c663b63260b8cb79c27927 max_delta=1 pixels_gt1lsb=0
HIKARI_A220_SEQUENCE index=12 stage=S1c class=NEAR sha256=94c3ec985ff43c6c19517b2d8ed2f2c5f2cf0a6e73c663b63260b8cb79c27927 max_delta=1 pixels_gt1lsb=0
HIKARI_A220_SEQUENCE index=13 stage=S1c class=NEAR sha256=94c3ec985ff43c6c19517b2d8ed2f2c5f2cf0a6e73c663b63260b8cb79c27927 max_delta=1 pixels_gt1lsb=0
HIKARI_A220_SEQUENCE index=14 stage=S1c class=NEAR sha256=94c3ec985ff43c6c19517b2d8ed2f2c5f2cf0a6e73c663b63260b8cb79c27927 max_delta=1 pixels_gt1lsb=0
HIKARI_A220_SEQUENCE index=15 stage=S1c class=NEAR sha256=94c3ec985ff43c6c19517b2d8ed2f2c5f2cf0a6e73c663b63260b8cb79c27927 max_delta=1 pixels_gt1lsb=0
HIKARI_A220_SEQUENCE index=16 stage=S1c class=NEAR sha256=94c3ec985ff43c6c19517b2d8ed2f2c5f2cf0a6e73c663b63260b8cb79c27927 max_delta=1 pixels_gt1lsb=0
HIKARI_A220_SEQUENCE index=17 stage=S1c class=NEAR sha256=94c3ec985ff43c6c19517b2d8ed2f2c5f2cf0a6e73c663b63260b8cb79c27927 max_delta=1 pixels_gt1lsb=0
HIKARI_A220_SEQUENCE index=18 stage=S1c class=NEAR sha256=94c3ec985ff43c6c19517b2d8ed2f2c5f2cf0a6e73c663b63260b8cb79c27927 max_delta=1 pixels_gt1lsb=0
HIKARI_A220_SEQUENCE index=19 stage=S1c class=NEAR sha256=94c3ec985ff43c6c19517b2d8ed2f2c5f2cf0a6e73c663b63260b8cb79c27927 max_delta=1 pixels_gt1lsb=0
HIKARI_A220_SEQUENCE index=20 stage=S1c class=NEAR sha256=94c3ec985ff43c6c19517b2d8ed2f2c5f2cf0a6e73c663b63260b8cb79c27927 max_delta=1 pixels_gt1lsb=0
HIKARI_A220_SEQUENCE index=21 stage=S1c class=NEAR sha256=94c3ec985ff43c6c19517b2d8ed2f2c5f2cf0a6e73c663b63260b8cb79c27927 max_delta=1 pixels_gt1lsb=0
HIKARI_A220_SEQUENCE index=22 stage=S1c class=NEAR sha256=94c3ec985ff43c6c19517b2d8ed2f2c5f2cf0a6e73c663b63260b8cb79c27927 max_delta=1 pixels_gt1lsb=0
HIKARI_A220_SEQUENCE index=23 stage=S1c class=NEAR sha256=94c3ec985ff43c6c19517b2d8ed2f2c5f2cf0a6e73c663b63260b8cb79c27927 max_delta=1 pixels_gt1lsb=0
HIKARI_A220_SEQUENCE index=24 stage=S1 class=NEAR sha256=05a98b33e67b00dff55bc5433957feae490f06ca6560178fb63961f510535740 max_delta=1 pixels_gt1lsb=0
HIKARI_A220_SEQUENCE index=25 stage=S1 class=NEAR sha256=05a98b33e67b00dff55bc5433957feae490f06ca6560178fb63961f510535740 max_delta=1 pixels_gt1lsb=0
HIKARI_A220_SEQUENCE index=26 stage=S1 class=NEAR sha256=05a98b33e67b00dff55bc5433957feae490f06ca6560178fb63961f510535740 max_delta=1 pixels_gt1lsb=0
HIKARI_A220_SEQUENCE index=27 stage=S1 class=NEAR sha256=05a98b33e67b00dff55bc5433957feae490f06ca6560178fb63961f510535740 max_delta=1 pixels_gt1lsb=0
HIKARI_A220_SEQUENCE index=28 stage=S1 class=NEAR sha256=05a98b33e67b00dff55bc5433957feae490f06ca6560178fb63961f510535740 max_delta=1 pixels_gt1lsb=0
HIKARI_A220_SEQUENCE index=29 stage=S1 class=NEAR sha256=05a98b33e67b00dff55bc5433957feae490f06ca6560178fb63961f510535740 max_delta=1 pixels_gt1lsb=0
HIKARI_A220_SEQUENCE index=30 stage=S1 class=NEAR sha256=05a98b33e67b00dff55bc5433957feae490f06ca6560178fb63961f510535740 max_delta=1 pixels_gt1lsb=0
HIKARI_A220_SEQUENCE index=31 stage=S1 class=NEAR sha256=05a98b33e67b00dff55bc5433957feae490f06ca6560178fb63961f510535740 max_delta=1 pixels_gt1lsb=0
HIKARI_A220_SEQUENCE index=32 stage=S1 class=NEAR sha256=05a98b33e67b00dff55bc5433957feae490f06ca6560178fb63961f510535740 max_delta=1 pixels_gt1lsb=0
HIKARI_A220_SEQUENCE index=33 stage=S1 class=NEAR sha256=05a98b33e67b00dff55bc5433957feae490f06ca6560178fb63961f510535740 max_delta=1 pixels_gt1lsb=0
HIKARI_A220_SEQUENCE index=34 stage=S1 class=NEAR sha256=05a98b33e67b00dff55bc5433957feae490f06ca6560178fb63961f510535740 max_delta=1 pixels_gt1lsb=0
HIKARI_A220_SEQUENCE index=35 stage=S1 class=NEAR sha256=05a98b33e67b00dff55bc5433957feae490f06ca6560178fb63961f510535740 max_delta=1 pixels_gt1lsb=0
HIKARI_A220_SEQUENCE index=36 stage=S1 class=NEAR sha256=05a98b33e67b00dff55bc5433957feae490f06ca6560178fb63961f510535740 max_delta=1 pixels_gt1lsb=0
HIKARI_A220_SEQUENCE index=37 stage=S1 class=NEAR sha256=05a98b33e67b00dff55bc5433957feae490f06ca6560178fb63961f510535740 max_delta=1 pixels_gt1lsb=0
HIKARI_A220_SEQUENCE index=38 stage=S1 class=NEAR sha256=05a98b33e67b00dff55bc5433957feae490f06ca6560178fb63961f510535740 max_delta=1 pixels_gt1lsb=0
HIKARI_A220_SEQUENCE index=39 stage=S1 class=NEAR sha256=05a98b33e67b00dff55bc5433957feae490f06ca6560178fb63961f510535740 max_delta=1 pixels_gt1lsb=0
HIKARI_A220_SEQUENCE index=40 stage=S1 class=NEAR sha256=05a98b33e67b00dff55bc5433957feae490f06ca6560178fb63961f510535740 max_delta=1 pixels_gt1lsb=0
HIKARI_A220_SEQUENCE index=41 stage=S1 class=NEAR sha256=05a98b33e67b00dff55bc5433957feae490f06ca6560178fb63961f510535740 max_delta=1 pixels_gt1lsb=0
HIKARI_A220_SEQUENCE index=42 stage=S1 class=NEAR sha256=05a98b33e67b00dff55bc5433957feae490f06ca6560178fb63961f510535740 max_delta=1 pixels_gt1lsb=0
HIKARI_A220_SEQUENCE index=43 stage=S1 class=NEAR sha256=05a98b33e67b00dff55bc5433957feae490f06ca6560178fb63961f510535740 max_delta=1 pixels_gt1lsb=0
HIKARI_A220_SEQUENCE index=44 stage=S1 class=NEAR sha256=05a98b33e67b00dff55bc5433957feae490f06ca6560178fb63961f510535740 max_delta=1 pixels_gt1lsb=0
HIKARI_A220_SEQUENCE index=45 stage=S1 class=NEAR sha256=05a98b33e67b00dff55bc5433957feae490f06ca6560178fb63961f510535740 max_delta=1 pixels_gt1lsb=0
HIKARI_A220_SEQUENCE index=46 stage=S1 class=NEAR sha256=05a98b33e67b00dff55bc5433957feae490f06ca6560178fb63961f510535740 max_delta=1 pixels_gt1lsb=0
HIKARI_A220_SEQUENCE index=47 stage=S1 class=NEAR sha256=05a98b33e67b00dff55bc5433957feae490f06ca6560178fb63961f510535740 max_delta=1 pixels_gt1lsb=0
HIKARI_A220_SEQUENCE index=48 stage=S1 class=NEAR sha256=05a98b33e67b00dff55bc5433957feae490f06ca6560178fb63961f510535740 max_delta=1 pixels_gt1lsb=0
HIKARI_A220_SEQUENCE index=49 stage=S1 class=NEAR sha256=05a98b33e67b00dff55bc5433957feae490f06ca6560178fb63961f510535740 max_delta=1 pixels_gt1lsb=0
HIKARI_A220_SEQUENCE index=50 stage=S1 class=NEAR sha256=05a98b33e67b00dff55bc5433957feae490f06ca6560178fb63961f510535740 max_delta=1 pixels_gt1lsb=0
HIKARI_A220_SEQUENCE index=51 stage=S1 class=NEAR sha256=05a98b33e67b00dff55bc5433957feae490f06ca6560178fb63961f510535740 max_delta=1 pixels_gt1lsb=0
HIKARI_A220_SEQUENCE index=52 stage=S1 class=NEAR sha256=05a98b33e67b00dff55bc5433957feae490f06ca6560178fb63961f510535740 max_delta=1 pixels_gt1lsb=0
HIKARI_A220_SEQUENCE index=53 stage=S1 class=NEAR sha256=05a98b33e67b00dff55bc5433957feae490f06ca6560178fb63961f510535740 max_delta=1 pixels_gt1lsb=0
HIKARI_A220_SEQUENCE index=54 stage=S1 class=NEAR sha256=05a98b33e67b00dff55bc5433957feae490f06ca6560178fb63961f510535740 max_delta=1 pixels_gt1lsb=0
HIKARI_A220_SEQUENCE index=55 stage=S1 class=NEAR sha256=05a98b33e67b00dff55bc5433957feae490f06ca6560178fb63961f510535740 max_delta=1 pixels_gt1lsb=0
HIKARI_A220_SEQUENCE_SUMMARY exact=0 near=56 severe=0
